Archive member included to satisfy reference by file (symbol)

/home/armin/RISCV/riscv32-unknown-elf-gcc/bin/../lib/gcc/riscv32-unknown-elf/7.1.1/../../../../riscv32-unknown-elf/lib/rv32imcxpulpv2/ilp32/libc.a(lib_a-init.o)
                              startup/startup_RV32M1_ri5cy.o (__libc_init_array)
/home/armin/RISCV/riscv32-unknown-elf-gcc/bin/../lib/gcc/riscv32-unknown-elf/7.1.1/../../../../riscv32-unknown-elf/lib/rv32imcxpulpv2/ilp32/libc.a(lib_a-memset.o)
                              drivers/fsl_lpuart.o (memset)
/home/armin/RISCV/riscv32-unknown-elf-gcc/bin/../lib/gcc/riscv32-unknown-elf/7.1.1/../../../../riscv32-unknown-elf/lib/rv32imcxpulpv2/ilp32/libc.a(lib_a-strlen.o)
                              utilities/fsl_str.o (strlen)

Discarded input sections

 .text          0x0000000000000000        0x0 board/board.o
 .data          0x0000000000000000        0x0 board/board.o
 .bss           0x0000000000000000        0x0 board/board.o
 .text          0x0000000000000000        0x0 board/clock_config.o
 .data          0x0000000000000000        0x0 board/clock_config.o
 .bss           0x0000000000000000        0x0 board/clock_config.o
 .text.CLOCK_SetVlprModeSysClkConfig
                0x0000000000000000       0x4c board/clock_config.o
 .text.CLOCK_SetHsrunModeSysClkConfig
                0x0000000000000000       0x4c board/clock_config.o
 .text.SMC_SetPowerModeProtection
                0x0000000000000000       0x22 board/clock_config.o
 .text.SMC_GetPowerModeState
                0x0000000000000000       0x1c board/clock_config.o
 .text.BOARD_InitBootClocks
                0x0000000000000000       0x1a board/clock_config.o
 .rodata.g_scgSysOscConfig_BOARD_BootClockRUN
                0x0000000000000000       0x18 board/clock_config.o
 .sdata.g_sysClkConfig_BOARD_BootClockHSRUN
                0x0000000000000000        0x4 board/clock_config.o
 .rodata.g_scgSysOscConfig_BOARD_BootClockHSRUN
                0x0000000000000000       0x18 board/clock_config.o
 .rodata.g_scgSircConfig_BOARD_BootClockHSRUN
                0x0000000000000000       0x14 board/clock_config.o
 .rodata.g_scgFircConfig_BOARD_BootClockHSRUN
                0x0000000000000000       0x18 board/clock_config.o
 .rodata.g_scgLpFllConfig_BOARD_BootClockHSRUN
                0x0000000000000000       0x18 board/clock_config.o
 .text.BOARD_BootClockHSRUN
                0x0000000000000000       0xb6 board/clock_config.o
 .sdata.g_sysClkConfig_BOARD_BootClockVLPR
                0x0000000000000000        0x4 board/clock_config.o
 .rodata.g_scgSysOscConfig_BOARD_BootClockVLPR
                0x0000000000000000       0x18 board/clock_config.o
 .rodata.g_scgSircConfig_BOARD_BootClockVLPR
                0x0000000000000000       0x14 board/clock_config.o
 .rodata.g_scgFircConfig_BOARD_BootClockVLPR
                0x0000000000000000       0x18 board/clock_config.o
 .rodata.g_scgLpFllConfig_BOARD_BootClockVLPR
                0x0000000000000000       0x18 board/clock_config.o
 .text.BOARD_BootClockVLPR
                0x0000000000000000       0xb2 board/clock_config.o
 .rodata.__func__.3444
                0x0000000000000000       0x1f board/clock_config.o
 .rodata.__func__.3436
                0x0000000000000000       0x1e board/clock_config.o
 .text          0x0000000000000000        0x0 board/pin_mux.o
 .data          0x0000000000000000        0x0 board/pin_mux.o
 .bss           0x0000000000000000        0x0 board/pin_mux.o
 .text.BOARD_InitBootPins
                0x0000000000000000       0x1a board/pin_mux.o
 .text          0x0000000000000000        0x0 drivers/fsl_clock.o
 .data          0x0000000000000000        0x0 drivers/fsl_clock.o
 .bss           0x0000000000000000        0x0 drivers/fsl_clock.o
 .text.CLOCK_EnableClock
                0x0000000000000000       0x56 drivers/fsl_clock.o
 .text.CLOCK_SetIpSrc
                0x0000000000000000       0xbc drivers/fsl_clock.o
 .text.CLOCK_GetFlashClkFreq
                0x0000000000000000       0x1e drivers/fsl_clock.o
 .text.CLOCK_GetBusClkFreq
                0x0000000000000000       0x1e drivers/fsl_clock.o
 .text.CLOCK_GetPlatClkFreq
                0x0000000000000000       0x1e drivers/fsl_clock.o
 .text.CLOCK_GetCoreSysClkFreq
                0x0000000000000000       0x1e drivers/fsl_clock.o
 .text.CLOCK_GetExtClkFreq
                0x0000000000000000       0x1e drivers/fsl_clock.o
 .text.CLOCK_EnableUsbfs0Clock
                0x0000000000000000       0xaa drivers/fsl_clock.o
 .text.CLOCK_InitSysOsc
                0x0000000000000000       0xdc drivers/fsl_clock.o
 .text.CLOCK_DeinitSysOsc
                0x0000000000000000       0x4c drivers/fsl_clock.o
 .rodata.__func__.3407
                0x0000000000000000        0xf drivers/fsl_clock.o
 .rodata.__func__.3393
                0x0000000000000000       0x12 drivers/fsl_clock.o
 .rodata.__func__.3673
                0x0000000000000000       0x11 drivers/fsl_clock.o
 .text          0x0000000000000000        0x0 drivers/fsl_common.o
 .data          0x0000000000000000        0x0 drivers/fsl_common.o
 .bss           0x0000000000000000        0x0 drivers/fsl_common.o
 .text          0x0000000000000000        0x0 drivers/fsl_gpio.o
 .data          0x0000000000000000        0x0 drivers/fsl_gpio.o
 .bss           0x0000000000000000        0x0 drivers/fsl_gpio.o
 .rodata.s_portBases
                0x0000000000000000       0x14 drivers/fsl_gpio.o
 .rodata.s_gpioBases
                0x0000000000000000       0x14 drivers/fsl_gpio.o
 .text.GPIO_GetInstance
                0x0000000000000000       0x80 drivers/fsl_gpio.o
 .text.GPIO_GetPinsInterruptFlags
                0x0000000000000000       0x46 drivers/fsl_gpio.o
 .text.GPIO_ClearPinsInterruptFlags
                0x0000000000000000       0x4e drivers/fsl_gpio.o
 .rodata.__func__.3633
                0x0000000000000000       0x11 drivers/fsl_gpio.o
 .text          0x0000000000000000        0x0 drivers/fsl_lpuart.o
 .data          0x0000000000000000        0x0 drivers/fsl_lpuart.o
 .bss           0x0000000000000000        0x0 drivers/fsl_lpuart.o
 .text.CLOCK_DisableClock
                0x0000000000000000       0x58 drivers/fsl_lpuart.o
 .text.EnableIRQ
                0x0000000000000000       0x52 drivers/fsl_lpuart.o
 .rodata.s_lpuartIRQ
                0x0000000000000000       0x10 drivers/fsl_lpuart.o
 .text.LPUART_TransferGetRxRingBufferLength
                0x0000000000000000       0xb0 drivers/fsl_lpuart.o
 .text.LPUART_TransferIsRxRingBufferFull
                0x0000000000000000       0x72 drivers/fsl_lpuart.o
 .text.LPUART_WriteNonBlocking
                0x0000000000000000       0x7a drivers/fsl_lpuart.o
 .text.LPUART_ReadNonBlocking
                0x0000000000000000       0xf0 drivers/fsl_lpuart.o
 .text.LPUART_Deinit
                0x0000000000000000       0xa0 drivers/fsl_lpuart.o
 .text.LPUART_SetBaudRate
                0x0000000000000000      0x1fe drivers/fsl_lpuart.o
 .text.LPUART_EnableInterrupts
                0x0000000000000000       0x6e drivers/fsl_lpuart.o
 .text.LPUART_DisableInterrupts
                0x0000000000000000       0x7a drivers/fsl_lpuart.o
 .text.LPUART_GetEnabledInterrupts
                0x0000000000000000       0x52 drivers/fsl_lpuart.o
 .text.LPUART_TransferCreateHandle
                0x0000000000000000      0x12e drivers/fsl_lpuart.o
 .text.LPUART_TransferStartRingBuffer
                0x0000000000000000       0xaa drivers/fsl_lpuart.o
 .text.LPUART_TransferStopRingBuffer
                0x0000000000000000       0x84 drivers/fsl_lpuart.o
 .text.LPUART_TransferSendNonBlocking
                0x0000000000000000      0x12a drivers/fsl_lpuart.o
 .text.LPUART_TransferAbortSend
                0x0000000000000000       0x64 drivers/fsl_lpuart.o
 .text.LPUART_TransferGetSendCount
                0x0000000000000000       0x9a drivers/fsl_lpuart.o
 .text.LPUART_TransferReceiveNonBlocking
                0x0000000000000000      0x2a2 drivers/fsl_lpuart.o
 .text.LPUART_TransferAbortReceive
                0x0000000000000000       0x6e drivers/fsl_lpuart.o
 .text.LPUART_TransferGetReceiveCount
                0x0000000000000000       0x9c drivers/fsl_lpuart.o
 .text.LPUART_TransferHandleIRQ
                0x0000000000000000      0x520 drivers/fsl_lpuart.o
 .text.LPUART_TransferHandleErrorIRQ
                0x0000000000000000       0x16 drivers/fsl_lpuart.o
 .rodata.__func__.3858
                0x0000000000000000       0x25 drivers/fsl_lpuart.o
 .rodata.__func__.3864
                0x0000000000000000       0x22 drivers/fsl_lpuart.o
 .rodata.__func__.3871
                0x0000000000000000       0x18 drivers/fsl_lpuart.o
 .rodata.__func__.3881
                0x0000000000000000       0x17 drivers/fsl_lpuart.o
 .rodata.__func__.3381
                0x0000000000000000       0x13 drivers/fsl_lpuart.o
 .rodata.__func__.3926
                0x0000000000000000       0x13 drivers/fsl_lpuart.o
 .rodata.__func__.3994
                0x0000000000000000       0x1c drivers/fsl_lpuart.o
 .rodata.__func__.4004
                0x0000000000000000       0x1f drivers/fsl_lpuart.o
 .rodata.__func__.4009
                0x0000000000000000       0x1e drivers/fsl_lpuart.o
 .rodata.__func__.4015
                0x0000000000000000       0x1f drivers/fsl_lpuart.o
 .rodata.__func__.4021
                0x0000000000000000       0x19 drivers/fsl_lpuart.o
 .rodata.__func__.4027
                0x0000000000000000       0x1c drivers/fsl_lpuart.o
 .rodata.__func__.4034
                0x0000000000000000       0x22 drivers/fsl_lpuart.o
 .rodata.__func__.4047
                0x0000000000000000       0x1c drivers/fsl_lpuart.o
 .rodata.__func__.4053
                0x0000000000000000       0x1f drivers/fsl_lpuart.o
 .rodata.__func__.4058
                0x0000000000000000       0x19 drivers/fsl_lpuart.o
 .text          0x0000000000000000        0x0 drivers/fsl_msmc.o
 .data          0x0000000000000000        0x0 drivers/fsl_msmc.o
 .bss           0x0000000000000000        0x0 drivers/fsl_msmc.o
 .text.SMC_SetPowerModeRun
                0x0000000000000000       0x34 drivers/fsl_msmc.o
 .text.SMC_SetPowerModeHsrun
                0x0000000000000000       0x40 drivers/fsl_msmc.o
 .text.SMC_SetPowerModeWait
                0x0000000000000000       0x34 drivers/fsl_msmc.o
 .text.SMC_SetPowerModeStop
                0x0000000000000000       0x6e drivers/fsl_msmc.o
 .text.SMC_SetPowerModeVlpr
                0x0000000000000000       0x40 drivers/fsl_msmc.o
 .text.SMC_SetPowerModeVlpw
                0x0000000000000000       0x34 drivers/fsl_msmc.o
 .text.SMC_SetPowerModeVlps
                0x0000000000000000       0x62 drivers/fsl_msmc.o
 .text.SMC_SetPowerModeLls
                0x0000000000000000       0x62 drivers/fsl_msmc.o
 .text.SMC_SetPowerModeVlls0
                0x0000000000000000       0x62 drivers/fsl_msmc.o
 .text.SMC_SetPowerModeVlls2
                0x0000000000000000       0x62 drivers/fsl_msmc.o
 .rodata        0x0000000000000000       0x42 drivers/fsl_msmc.o
 .text.SMC_ConfigureResetPinFilter
                0x0000000000000000       0x6e drivers/fsl_msmc.o
 .rodata.__func__.3770
                0x0000000000000000       0x1c drivers/fsl_msmc.o
 .debug_frame   0x0000000000000000      0x254 drivers/fsl_msmc.o
 .debug_info    0x0000000000000000     0x1025 drivers/fsl_msmc.o
 .debug_abbrev  0x0000000000000000      0x25e drivers/fsl_msmc.o
 .debug_aranges
                0x0000000000000000       0x70 drivers/fsl_msmc.o
 .debug_ranges  0x0000000000000000       0x60 drivers/fsl_msmc.o
 .debug_line    0x0000000000000000      0x4df drivers/fsl_msmc.o
 .debug_str     0x0000000000000000      0xa97 drivers/fsl_msmc.o
 .comment       0x0000000000000000       0x1b drivers/fsl_msmc.o
 .Pulp_Chip.Info
                0x0000000000000000        0x0 drivers/fsl_msmc.o
 .text          0x0000000000000000        0x0 drivers/fsl_sim.o
 .data          0x0000000000000000        0x0 drivers/fsl_sim.o
 .bss           0x0000000000000000        0x0 drivers/fsl_sim.o
 .text.SIM_GetUniqueId
                0x0000000000000000       0x2a drivers/fsl_sim.o
 .text.SIM_GetRfAddr
                0x0000000000000000       0x2a drivers/fsl_sim.o
 .debug_frame   0x0000000000000000       0x78 drivers/fsl_sim.o
 .debug_info    0x0000000000000000      0xa88 drivers/fsl_sim.o
 .debug_abbrev  0x0000000000000000      0x1ce drivers/fsl_sim.o
 .debug_aranges
                0x0000000000000000       0x28 drivers/fsl_sim.o
 .debug_ranges  0x0000000000000000       0x18 drivers/fsl_sim.o
 .debug_line    0x0000000000000000      0x1ea drivers/fsl_sim.o
 .debug_str     0x0000000000000000      0x712 drivers/fsl_sim.o
 .comment       0x0000000000000000       0x1b drivers/fsl_sim.o
 .Pulp_Chip.Info
                0x0000000000000000        0x0 drivers/fsl_sim.o
 .text          0x0000000000000000        0x0 source/lin_helper.o
 .data          0x0000000000000000        0x0 source/lin_helper.o
 .bss           0x0000000000000000        0x0 source/lin_helper.o
 .text.tryReadHeader
                0x0000000000000000       0x68 source/lin_helper.o
 .text.writeResponse
                0x0000000000000000       0x84 source/lin_helper.o
 .text.getChecksum
                0x0000000000000000       0x5a source/lin_helper.o
 .text.isValidParity
                0x0000000000000000       0x44 source/lin_helper.o
 .text          0x0000000000000000        0x0 source/lpuart_polling.o
 .data          0x0000000000000000        0x0 source/lpuart_polling.o
 .bss           0x0000000000000000        0x0 source/lpuart_polling.o
 .sdata.syncPayload
                0x0000000000000000        0x4 source/lpuart_polling.o
 .text          0x0000000000000000        0x0 startup/startup_RV32M1_ri5cy.o
 .data          0x0000000000000000        0x0 startup/startup_RV32M1_ri5cy.o
 .bss           0x0000000000000000        0x0 startup/startup_RV32M1_ri5cy.o
 .text          0x0000000000000000        0x0 startup/system_RV32M1_ri5cy.o
 .data          0x0000000000000000        0x0 startup/system_RV32M1_ri5cy.o
 .bss           0x0000000000000000        0x0 startup/system_RV32M1_ri5cy.o
 .rodata        0x0000000000000000       0x6f startup/system_RV32M1_ri5cy.o
 .text.CLOCK_EnableClock
                0x0000000000000000       0x56 startup/system_RV32M1_ri5cy.o
 .text.EnableIRQ
                0x0000000000000000       0x52 startup/system_RV32M1_ri5cy.o
 .text.SystemCoreClockUpdate
                0x0000000000000000       0xe4 startup/system_RV32M1_ri5cy.o
 .text.SystemSetupSystick
                0x0000000000000000       0xb2 startup/system_RV32M1_ri5cy.o
 .text.SystemGetIRQNestingLevel
                0x0000000000000000       0x16 startup/system_RV32M1_ri5cy.o
 .text.SystemClearSystickFlag
                0x0000000000000000       0x16 startup/system_RV32M1_ri5cy.o
 .text.EVENT_SetIRQPriority
                0x0000000000000000       0x8c startup/system_RV32M1_ri5cy.o
 .text.EVENT_GetIRQPriority
                0x0000000000000000       0x66 startup/system_RV32M1_ri5cy.o
 .text.SystemInISR
                0x0000000000000000       0x1c startup/system_RV32M1_ri5cy.o
 .text.EVENT_SystemReset
                0x0000000000000000       0x24 startup/system_RV32M1_ri5cy.o
 .rodata.__func__.3377
                0x0000000000000000       0x12 startup/system_RV32M1_ri5cy.o
 .text          0x0000000000000000        0x0 utilities/fsl_debug_console.o
 .data          0x0000000000000000        0x0 utilities/fsl_debug_console.o
 .bss           0x0000000000000000        0x0 utilities/fsl_debug_console.o
 .text.DbgConsole_Deinit
                0x0000000000000000       0x1c utilities/fsl_debug_console.o
 .text.DbgConsole_Flush
                0x0000000000000000       0x1c utilities/fsl_debug_console.o
 .text.DbgConsole_Putchar
                0x0000000000000000       0x28 utilities/fsl_debug_console.o
 .text.DbgConsole_Scanf
                0x0000000000000000       0x8a utilities/fsl_debug_console.o
 .text.DbgConsole_Getchar
                0x0000000000000000       0x24 utilities/fsl_debug_console.o
 .text._write   0x0000000000000000       0x52 utilities/fsl_debug_console.o
 .text._read    0x0000000000000000       0x3c utilities/fsl_debug_console.o
 .text.isatty   0x0000000000000000       0x14 utilities/fsl_debug_console.o
 .text.fstat    0x0000000000000000       0x20 utilities/fsl_debug_console.o
 .text.lseek    0x0000000000000000       0x1c utilities/fsl_debug_console.o
 .text.close    0x0000000000000000       0x14 utilities/fsl_debug_console.o
 .text.read     0x0000000000000000       0x3a utilities/fsl_debug_console.o
 .text.write    0x0000000000000000       0x50 utilities/fsl_debug_console.o
 .text          0x0000000000000000        0x0 utilities/fsl_io.o
 .data          0x0000000000000000        0x0 utilities/fsl_io.o
 .bss           0x0000000000000000        0x0 utilities/fsl_io.o
 .text.IO_Deinit
                0x0000000000000000       0x66 utilities/fsl_io.o
 .text.IO_WaitIdle
                0x0000000000000000       0x48 utilities/fsl_io.o
 .text          0x0000000000000000        0x0 utilities/fsl_log.o
 .data          0x0000000000000000        0x0 utilities/fsl_log.o
 .bss           0x0000000000000000        0x0 utilities/fsl_log.o
 .text.LOG_Deinit
                0x0000000000000000       0x1a utilities/fsl_log.o
 .text.LOG_WaitIdle
                0x0000000000000000       0x1c utilities/fsl_log.o
 .text.LOG_ReadLine
                0x0000000000000000       0xf2 utilities/fsl_log.o
 .text.LOG_ReadCharacter
                0x0000000000000000       0x66 utilities/fsl_log.o
 .text.LOG_ReadOneCharacter
                0x0000000000000000       0x30 utilities/fsl_log.o
 .rodata.__func__.3654
                0x0000000000000000        0xd utilities/fsl_log.o
 .rodata.__func__.3662
                0x0000000000000000       0x12 utilities/fsl_log.o
 .text          0x0000000000000000        0x0 utilities/fsl_str.o
 .data          0x0000000000000000        0x0 utilities/fsl_str.o
 .bss           0x0000000000000000        0x0 utilities/fsl_str.o
 .text.ScanIgnoreWhiteSpace
                0x0000000000000000       0x86 utilities/fsl_str.o
 .text.StrFormatScanf
                0x0000000000000000      0x6ee utilities/fsl_str.o
 .rodata.StrFormatScanf
                0x0000000000000000      0x124 utilities/fsl_str.o
 .data          0x0000000000000000        0x0 /home/armin/RISCV/riscv32-unknown-elf-gcc/bin/../lib/gcc/riscv32-unknown-elf/7.1.1/../../../../riscv32-unknown-elf/lib/rv32imcxpulpv2/ilp32/libc.a(lib_a-init.o)
 .bss           0x0000000000000000        0x0 /home/armin/RISCV/riscv32-unknown-elf-gcc/bin/../lib/gcc/riscv32-unknown-elf/7.1.1/../../../../riscv32-unknown-elf/lib/rv32imcxpulpv2/ilp32/libc.a(lib_a-init.o)
 .data          0x0000000000000000        0x0 /home/armin/RISCV/riscv32-unknown-elf-gcc/bin/../lib/gcc/riscv32-unknown-elf/7.1.1/../../../../riscv32-unknown-elf/lib/rv32imcxpulpv2/ilp32/libc.a(lib_a-memset.o)
 .bss           0x0000000000000000        0x0 /home/armin/RISCV/riscv32-unknown-elf-gcc/bin/../lib/gcc/riscv32-unknown-elf/7.1.1/../../../../riscv32-unknown-elf/lib/rv32imcxpulpv2/ilp32/libc.a(lib_a-memset.o)
 .data          0x0000000000000000        0x0 /home/armin/RISCV/riscv32-unknown-elf-gcc/bin/../lib/gcc/riscv32-unknown-elf/7.1.1/../../../../riscv32-unknown-elf/lib/rv32imcxpulpv2/ilp32/libc.a(lib_a-strlen.o)
 .bss           0x0000000000000000        0x0 /home/armin/RISCV/riscv32-unknown-elf-gcc/bin/../lib/gcc/riscv32-unknown-elf/7.1.1/../../../../riscv32-unknown-elf/lib/rv32imcxpulpv2/ilp32/libc.a(lib_a-strlen.o)

Memory Configuration

Name             Origin             Length             Attributes
m_vector         0x00000000000fff00 0x0000000000000100 xr
m_text           0x0000000000000000 0x00000000000fff00 xr
m_data           0x0000000020000000 0x000000000002e800 rw
rpmsg_sh_mem     0x000000002002e800 0x0000000000001800 rw
m_usb_sram       0x0000000048010000 0x0000000000000800 rw
*default*        0x0000000000000000 0xffffffffffffffff

Linker script and memory map

START GROUP
LOAD board/board.o
LOAD board/clock_config.o
LOAD board/pin_mux.o
LOAD drivers/fsl_clock.o
LOAD drivers/fsl_common.o
LOAD drivers/fsl_gpio.o
LOAD drivers/fsl_lpuart.o
LOAD drivers/fsl_msmc.o
LOAD drivers/fsl_sim.o
LOAD source/lin_helper.o
LOAD source/lpuart_polling.o
LOAD startup/startup_RV32M1_ri5cy.o
LOAD startup/system_RV32M1_ri5cy.o
LOAD utilities/fsl_debug_console.o
LOAD utilities/fsl_io.o
LOAD utilities/fsl_log.o
LOAD utilities/fsl_str.o
LOAD /home/armin/RISCV/riscv32-unknown-elf-gcc/bin/../lib/gcc/riscv32-unknown-elf/7.1.1/../../../../riscv32-unknown-elf/lib/rv32imcxpulpv2/ilp32/libnosys.a
LOAD /home/armin/RISCV/riscv32-unknown-elf-gcc/bin/../lib/gcc/riscv32-unknown-elf/7.1.1/rv32imcxpulpv2/ilp32/libgcc.a
LOAD /home/armin/RISCV/riscv32-unknown-elf-gcc/bin/../lib/gcc/riscv32-unknown-elf/7.1.1/../../../../riscv32-unknown-elf/lib/rv32imcxpulpv2/ilp32/libc.a
LOAD /home/armin/RISCV/riscv32-unknown-elf-gcc/bin/../lib/gcc/riscv32-unknown-elf/7.1.1/../../../../riscv32-unknown-elf/lib/rv32imcxpulpv2/ilp32/libm.a
LOAD /home/armin/RISCV/riscv32-unknown-elf-gcc/bin/../lib/gcc/riscv32-unknown-elf/7.1.1/../../../../riscv32-unknown-elf/lib/rv32imcxpulpv2/ilp32/libm.a
LOAD /home/armin/RISCV/riscv32-unknown-elf-gcc/bin/../lib/gcc/riscv32-unknown-elf/7.1.1/../../../../riscv32-unknown-elf/lib/rv32imcxpulpv2/ilp32/libg.a
LOAD /home/armin/RISCV/riscv32-unknown-elf-gcc/bin/../lib/gcc/riscv32-unknown-elf/7.1.1/rv32imcxpulpv2/ilp32/libgcc.a
LOAD /home/armin/RISCV/riscv32-unknown-elf-gcc/bin/../lib/gcc/riscv32-unknown-elf/7.1.1/../../../../riscv32-unknown-elf/lib/rv32imcxpulpv2/ilp32/libnosys.a
END GROUP
                0x0000000000000400                HEAP_SIZE = DEFINED (__heap_size__)?__heap_size__:0x400
                0x0000000000000800                STACK_SIZE = DEFINED (__stack_size__)?__stack_size__:0x800

.noinit_rpmsg_sh_mem
                0x000000002002e800        0x0
 *(.noinit.$rpmsg_sh_mem*)
                0x000000002002e800                . = ALIGN (0x4)

.vectors        0x00000000000fff00       0x90
                0x00000000000fff00                __VECTOR_TABLE = .
 *(.vectors)
 .vectors       0x00000000000fff00       0x90 startup/startup_RV32M1_ri5cy.o

.text           0x0000000000000000     0x376d
                0x0000000000000000                . = ALIGN (0x4)
 *(.startup)
 .startup       0x0000000000000000      0x192 startup/startup_RV32M1_ri5cy.o
                0x0000000000000026                _init
                0x0000000000000026                _fini
                0x0000000000000122                IRQ_Handler
                0x000000000000013e                IllegalInstruction_Handler
                0x0000000000000156                Ecall_Handler
                0x000000000000016e                LSU_Handler
                0x0000000000000186                IllegalInstruction_HandlerFunc
                0x000000000000018a                Ecall_HandlerFunc
                0x000000000000018e                LSU_HandlerFunc
                0x0000000000000194                . = ALIGN (0x4)
 *fill*         0x0000000000000192        0x2 
                0x0000000000000194                __user_vector = .
 *(user_vectors)
 user_vectors   0x0000000000000194       0xfc startup/system_RV32M1_ri5cy.o
                0x0000000000000194                isrTable
 *(.text)
 .text          0x0000000000000290       0x60 /home/armin/RISCV/riscv32-unknown-elf-gcc/bin/../lib/gcc/riscv32-unknown-elf/7.1.1/../../../../riscv32-unknown-elf/lib/rv32imcxpulpv2/ilp32/libc.a(lib_a-init.o)
                0x0000000000000290                __libc_init_array
 .text          0x00000000000002f0       0xa8 /home/armin/RISCV/riscv32-unknown-elf-gcc/bin/../lib/gcc/riscv32-unknown-elf/7.1.1/../../../../riscv32-unknown-elf/lib/rv32imcxpulpv2/ilp32/libc.a(lib_a-memset.o)
                0x00000000000002f0                memset
 .text          0x0000000000000398       0x10 /home/armin/RISCV/riscv32-unknown-elf-gcc/bin/../lib/gcc/riscv32-unknown-elf/7.1.1/../../../../riscv32-unknown-elf/lib/rv32imcxpulpv2/ilp32/libc.a(lib_a-strlen.o)
                0x0000000000000398                strlen
 *(.text*)
 .text.CLOCK_SetIpSrc
                0x00000000000003a8       0xa8 board/board.o
 .text.BOARD_InitDebugConsole
                0x0000000000000450       0x40 board/board.o
                0x0000000000000450                BOARD_InitDebugConsole
 .text.CLOCK_SetRunModeSysClkConfig
                0x0000000000000490       0x42 board/clock_config.o
 .text.CLOCK_GetCurSysClkConfig
                0x00000000000004d2       0x42 board/clock_config.o
 .text.CLOCK_CONFIG_FircSafeConfig
                0x0000000000000514       0xa6 board/clock_config.o
 .text.BOARD_BootClockRUN
                0x00000000000005ba       0x60 board/clock_config.o
                0x00000000000005ba                BOARD_BootClockRUN
 .text.CLOCK_EnableClock
                0x000000000000061a       0x4c board/pin_mux.o
 .text.PORT_SetPinMux
                0x0000000000000666       0x46 board/pin_mux.o
 .text.BOARD_InitPins
                0x00000000000006ac       0x44 board/pin_mux.o
                0x00000000000006ac                BOARD_InitPins
 .text.CLOCK_GetLpoClkFreq
                0x00000000000006f0       0x12 drivers/fsl_clock.o
 .text.CLOCK_GetCurSysClkConfig
                0x0000000000000702       0x42 drivers/fsl_clock.o
 .text.CLOCK_GetOsc32kClkFreq
                0x0000000000000744       0x3e drivers/fsl_clock.o
                0x0000000000000744                CLOCK_GetOsc32kClkFreq
 .text.CLOCK_GetFreq
                0x0000000000000782      0x118 drivers/fsl_clock.o
                0x0000000000000782                CLOCK_GetFreq
 .text.CLOCK_GetIpFreq
                0x000000000000089a      0x12a drivers/fsl_clock.o
                0x000000000000089a                CLOCK_GetIpFreq
 .text.CLOCK_GetSysClkFreq
                0x00000000000009c4       0xf6 drivers/fsl_clock.o
                0x00000000000009c4                CLOCK_GetSysClkFreq
 .text.CLOCK_GetSysOscFreq
                0x0000000000000aba       0x50 drivers/fsl_clock.o
                0x0000000000000aba                CLOCK_GetSysOscFreq
 .text.CLOCK_GetSysOscAsyncFreq
                0x0000000000000b0a       0x8e drivers/fsl_clock.o
                0x0000000000000b0a                CLOCK_GetSysOscAsyncFreq
 .text.CLOCK_InitSirc
                0x0000000000000b98       0xb2 drivers/fsl_clock.o
                0x0000000000000b98                CLOCK_InitSirc
 .text.CLOCK_DeinitSirc
                0x0000000000000c4a       0x48 drivers/fsl_clock.o
                0x0000000000000c4a                CLOCK_DeinitSirc
 .text.CLOCK_GetSircFreq
                0x0000000000000c92       0x3c drivers/fsl_clock.o
                0x0000000000000c92                CLOCK_GetSircFreq
 .text.CLOCK_GetSircAsyncFreq
                0x0000000000000cce       0x8e drivers/fsl_clock.o
                0x0000000000000cce                CLOCK_GetSircAsyncFreq
 .text.CLOCK_InitFirc
                0x0000000000000d5c      0x14c drivers/fsl_clock.o
                0x0000000000000d5c                CLOCK_InitFirc
 .text.CLOCK_DeinitFirc
                0x0000000000000ea8       0x4c drivers/fsl_clock.o
                0x0000000000000ea8                CLOCK_DeinitFirc
 .text.CLOCK_GetFircFreq
                0x0000000000000ef4       0x3a drivers/fsl_clock.o
                0x0000000000000ef4                CLOCK_GetFircFreq
 .text.CLOCK_GetFircAsyncFreq
                0x0000000000000f2e       0x8e drivers/fsl_clock.o
                0x0000000000000f2e                CLOCK_GetFircAsyncFreq
 .text.CLOCK_GetRtcOscFreq
                0x0000000000000fbc       0x50 drivers/fsl_clock.o
                0x0000000000000fbc                CLOCK_GetRtcOscFreq
 .text.CLOCK_InitLpFll
                0x000000000000100c      0x17a drivers/fsl_clock.o
                0x000000000000100c                CLOCK_InitLpFll
 .text.CLOCK_DeinitLpFll
                0x0000000000001186       0x4c drivers/fsl_clock.o
                0x0000000000001186                CLOCK_DeinitLpFll
 .text.CLOCK_GetLpFllFreq
                0x00000000000011d2       0x3a drivers/fsl_clock.o
                0x00000000000011d2                CLOCK_GetLpFllFreq
 .text.CLOCK_GetLpFllAsyncFreq
                0x000000000000120c       0x72 drivers/fsl_clock.o
                0x000000000000120c                CLOCK_GetLpFllAsyncFreq
 .text.__assert_func
                0x000000000000127e       0x36 drivers/fsl_common.o
                0x000000000000127e                __assert_func
 .text.GPIO_WritePinOutput
                0x00000000000012b4       0x44 drivers/fsl_gpio.o
 .text.GPIO_PinInit
                0x00000000000012f8       0x8e drivers/fsl_gpio.o
                0x00000000000012f8                GPIO_PinInit
 .text.CLOCK_EnableClock
                0x0000000000001386       0x4a drivers/fsl_lpuart.o
 .text.LPUART_SoftwareReset
                0x00000000000013d0       0x32 drivers/fsl_lpuart.o
 .text.LPUART_GetInstance
                0x0000000000001402       0x72 drivers/fsl_lpuart.o
                0x0000000000001402                LPUART_GetInstance
 .text.LPUART_Init
                0x0000000000001474      0x472 drivers/fsl_lpuart.o
                0x0000000000001474                LPUART_Init
 .text.LPUART_GetDefaultConfig
                0x00000000000018e6       0xb2 drivers/fsl_lpuart.o
                0x00000000000018e6                LPUART_GetDefaultConfig
 .text.LPUART_GetStatusFlags
                0x0000000000001998       0x36 drivers/fsl_lpuart.o
                0x0000000000001998                LPUART_GetStatusFlags
 .text.LPUART_ClearStatusFlags
                0x00000000000019ce       0xf6 drivers/fsl_lpuart.o
                0x00000000000019ce                LPUART_ClearStatusFlags
 .text.LPUART_WriteBlocking
                0x0000000000001ac4       0x74 drivers/fsl_lpuart.o
                0x0000000000001ac4                LPUART_WriteBlocking
 .text.LPUART_ReadBlocking
                0x0000000000001b38      0x164 drivers/fsl_lpuart.o
                0x0000000000001b38                LPUART_ReadBlocking
 .text.LPUART0_DriverIRQHandler
                0x0000000000001c9c       0x2a drivers/fsl_lpuart.o
                0x0000000000001c9c                LPUART0_DriverIRQHandler
 .text.LPUART1_DriverIRQHandler
                0x0000000000001cc6       0x2c drivers/fsl_lpuart.o
                0x0000000000001cc6                LPUART1_DriverIRQHandler
 .text.LPUART2_DriverIRQHandler
                0x0000000000001cf2       0x2c drivers/fsl_lpuart.o
                0x0000000000001cf2                LPUART2_DriverIRQHandler
 .text.LPUART3_DriverIRQHandler
                0x0000000000001d1e       0x2c drivers/fsl_lpuart.o
                0x0000000000001d1e                LPUART3_DriverIRQHandler
 .text.GPIO_SetPinsOutput
                0x0000000000001d4a       0x20 source/lin_helper.o
 .text.GPIO_ClearPinsOutput
                0x0000000000001d6a       0x20 source/lin_helper.o
 .text.initializeLin
                0x0000000000001d8a       0xac source/lin_helper.o
                0x0000000000001d8a                initializeLin
 .text.initializeGpio
                0x0000000000001e36       0x2c source/lin_helper.o
                0x0000000000001e36                initializeGpio
 .text.writeHeader
                0x0000000000001e62       0x7e source/lin_helper.o
                0x0000000000001e62                writeHeader
 .text.setMode  0x0000000000001ee0       0x34 source/lin_helper.o
                0x0000000000001ee0                setMode
 .text.applyParity
                0x0000000000001f14       0xf4 source/lin_helper.o
                0x0000000000001f14                applyParity
 .text.getBit   0x0000000000002008       0x38 source/lin_helper.o
                0x0000000000002008                getBit
 .text.main     0x0000000000002040       0x1e source/lpuart_polling.o
                0x0000000000002040                main
 .text.copy_section
                0x000000000000205e       0x48 startup/system_RV32M1_ri5cy.o
 .text.zero_section
                0x00000000000020a6       0x3e startup/system_RV32M1_ri5cy.o
 .text.DMA0_0_4_8_12_IRQHandler
                0x00000000000020e4       0x16 startup/system_RV32M1_ri5cy.o
                0x00000000000020e4                DMA0_0_4_8_12_IRQHandler
 .text.DMA0_1_5_9_13_IRQHandler
                0x00000000000020fa       0x16 startup/system_RV32M1_ri5cy.o
                0x00000000000020fa                DMA0_1_5_9_13_IRQHandler
 .text.DMA0_2_6_10_14_IRQHandler
                0x0000000000002110       0x16 startup/system_RV32M1_ri5cy.o
                0x0000000000002110                DMA0_2_6_10_14_IRQHandler
 .text.DMA0_3_7_11_15_IRQHandler
                0x0000000000002126       0x16 startup/system_RV32M1_ri5cy.o
                0x0000000000002126                DMA0_3_7_11_15_IRQHandler
 .text.FLEXIO0_IRQHandler
                0x000000000000213c       0x16 startup/system_RV32M1_ri5cy.o
                0x000000000000213c                FLEXIO0_IRQHandler
 .text.LPI2C0_IRQHandler
                0x0000000000002152       0x16 startup/system_RV32M1_ri5cy.o
                0x0000000000002152                LPI2C0_IRQHandler
 .text.LPI2C1_IRQHandler
                0x0000000000002168       0x16 startup/system_RV32M1_ri5cy.o
                0x0000000000002168                LPI2C1_IRQHandler
 .text.LPI2C2_IRQHandler
                0x000000000000217e       0x16 startup/system_RV32M1_ri5cy.o
                0x000000000000217e                LPI2C2_IRQHandler
 .text.I2S0_IRQHandler
                0x0000000000002194       0x16 startup/system_RV32M1_ri5cy.o
                0x0000000000002194                I2S0_IRQHandler
 .text.USDHC0_IRQHandler
                0x00000000000021aa       0x16 startup/system_RV32M1_ri5cy.o
                0x00000000000021aa                USDHC0_IRQHandler
 .text.LPSPI0_IRQHandler
                0x00000000000021c0       0x16 startup/system_RV32M1_ri5cy.o
                0x00000000000021c0                LPSPI0_IRQHandler
 .text.LPSPI1_IRQHandler
                0x00000000000021d6       0x16 startup/system_RV32M1_ri5cy.o
                0x00000000000021d6                LPSPI1_IRQHandler
 .text.LPSPI2_IRQHandler
                0x00000000000021ec       0x16 startup/system_RV32M1_ri5cy.o
                0x00000000000021ec                LPSPI2_IRQHandler
 .text.LPUART0_IRQHandler
                0x0000000000002202       0x16 startup/system_RV32M1_ri5cy.o
                0x0000000000002202                LPUART0_IRQHandler
 .text.LPUART1_IRQHandler
                0x0000000000002218       0x16 startup/system_RV32M1_ri5cy.o
                0x0000000000002218                LPUART1_IRQHandler
 .text.LPUART2_IRQHandler
                0x000000000000222e       0x16 startup/system_RV32M1_ri5cy.o
                0x000000000000222e                LPUART2_IRQHandler
 .text.LPI2C3_IRQHandler
                0x0000000000002244       0x16 startup/system_RV32M1_ri5cy.o
                0x0000000000002244                LPI2C3_IRQHandler
 .text.LPSPI3_IRQHandler
                0x000000000000225a       0x16 startup/system_RV32M1_ri5cy.o
                0x000000000000225a                LPSPI3_IRQHandler
 .text.LPUART3_IRQHandler
                0x0000000000002270       0x16 startup/system_RV32M1_ri5cy.o
                0x0000000000002270                LPUART3_IRQHandler
 .text.INTMUX0_0_IRQHandler
                0x0000000000002286       0x16 startup/system_RV32M1_ri5cy.o
                0x0000000000002286                INTMUX0_0_IRQHandler
 .text.INTMUX0_1_IRQHandler
                0x000000000000229c       0x16 startup/system_RV32M1_ri5cy.o
                0x000000000000229c                INTMUX0_1_IRQHandler
 .text.INTMUX0_2_IRQHandler
                0x00000000000022b2       0x16 startup/system_RV32M1_ri5cy.o
                0x00000000000022b2                INTMUX0_2_IRQHandler
 .text.INTMUX0_3_IRQHandler
                0x00000000000022c8       0x16 startup/system_RV32M1_ri5cy.o
                0x00000000000022c8                INTMUX0_3_IRQHandler
 .text.INTMUX0_4_IRQHandler
                0x00000000000022de       0x16 startup/system_RV32M1_ri5cy.o
                0x00000000000022de                INTMUX0_4_IRQHandler
 .text.INTMUX0_5_IRQHandler
                0x00000000000022f4       0x16 startup/system_RV32M1_ri5cy.o
                0x00000000000022f4                INTMUX0_5_IRQHandler
 .text.INTMUX0_6_IRQHandler
                0x000000000000230a       0x16 startup/system_RV32M1_ri5cy.o
                0x000000000000230a                INTMUX0_6_IRQHandler
 .text.INTMUX0_7_IRQHandler
                0x0000000000002320       0x16 startup/system_RV32M1_ri5cy.o
                0x0000000000002320                INTMUX0_7_IRQHandler
 .text.DefaultIRQHandler
                0x0000000000002336        0x8 startup/system_RV32M1_ri5cy.o
                0x0000000000002336                LPSPI2_DriverIRQHandler
                0x0000000000002336                INTMUX0_3_DriverIRQHandler
                0x0000000000002336                LPI2C0_DriverIRQHandler
                0x0000000000002336                I2S0_DriverIRQHandler
                0x0000000000002336                LPTMR2_IRQHandler
                0x0000000000002336                TPM0_IRQHandler
                0x0000000000002336                LPIT0_IRQHandler
                0x0000000000002336                INTMUX0_4_DriverIRQHandler
                0x0000000000002336                LPCMP0_IRQHandler
                0x0000000000002336                LPI2C3_DriverIRQHandler
                0x0000000000002336                WDOG0_IRQHandler
                0x0000000000002336                INTMUX0_1_DriverIRQHandler
                0x0000000000002336                ADC0_IRQHandler
                0x0000000000002336                FLEXIO0_DriverIRQHandler
                0x0000000000002336                EMVSIM0_IRQHandler
                0x0000000000002336                LPCMP1_IRQHandler
                0x0000000000002336                INTMUX0_7_DriverIRQHandler
                0x0000000000002336                FTFE_Command_Complete_IRQHandler
                0x0000000000002336                INTMUX0_6_DriverIRQHandler
                0x0000000000002336                PORTD_IRQHandler
                0x0000000000002336                PORTB_IRQHandler
                0x0000000000002336                USDHC0_DriverIRQHandler
                0x0000000000002336                LLWU0_IRQHandler
                0x0000000000002336                LPDAC0_IRQHandler
                0x0000000000002336                TPM2_IRQHandler
                0x0000000000002336                RTC_IRQHandler
                0x0000000000002336                DMA0_3_7_11_15_DriverIRQHandler
                0x0000000000002336                CMC0_IRQHandler
                0x0000000000002336                EWM_IRQHandler
                0x0000000000002336                DMA0_0_4_8_12_DriverIRQHandler
                0x0000000000002336                MUA_IRQHandler
                0x0000000000002336                TPM3_IRQHandler
                0x0000000000002336                DMA0_2_6_10_14_DriverIRQHandler
                0x0000000000002336                INTMUX0_0_DriverIRQHandler
                0x0000000000002336                RF0_0_IRQHandler
                0x0000000000002336                LPSPI0_DriverIRQHandler
                0x0000000000002336                USB0_IRQHandler
                0x0000000000002336                FTFE_Read_Collision_IRQHandler
                0x0000000000002336                LPI2C1_DriverIRQHandler
                0x0000000000002336                LPSPI1_DriverIRQHandler
                0x0000000000002336                SCG_IRQHandler
                0x0000000000002336                DMA0_1_5_9_13_DriverIRQHandler
                0x0000000000002336                TPM1_IRQHandler
                0x0000000000002336                RF0_1_IRQHandler
                0x0000000000002336                CAU3_Security_Violation_IRQHandler
                0x0000000000002336                PORTA_IRQHandler
                0x0000000000002336                LPIT1_IRQHandler
                0x0000000000002336                INTMUX0_2_DriverIRQHandler
                0x0000000000002336                CAU3_Task_Complete_IRQHandler
                0x0000000000002336                INTMUX0_8_DriverIRQHandler
                0x0000000000002336                PORTE_IRQHandler
                0x0000000000002336                LPTMR0_IRQHandler
                0x0000000000002336                SPM_IRQHandler
                0x0000000000002336                LPSPI3_DriverIRQHandler
                0x0000000000002336                LPI2C2_DriverIRQHandler
                0x0000000000002336                DMA0_Error_IRQHandler
                0x0000000000002336                LPTMR1_IRQHandler
                0x0000000000002336                INTMUX0_5_DriverIRQHandler
                0x0000000000002336                TRNG_IRQHandler
                0x0000000000002336                PORTC_IRQHandler
 .text.SystemInit
                0x000000000000233e       0xa4 startup/system_RV32M1_ri5cy.o
                0x000000000000233e                SystemInit
 .text.SystemInitHook
                0x00000000000023e2        0xe startup/system_RV32M1_ri5cy.o
                0x00000000000023e2                SystemInitHook
 .text.SystemIrqHandler
                0x00000000000023f0       0x80 startup/system_RV32M1_ri5cy.o
                0x00000000000023f0                SystemIrqHandler
 .text.DbgConsole_Init
                0x0000000000002470       0x5a utilities/fsl_debug_console.o
                0x0000000000002470                DbgConsole_Init
 .text.DbgConsole_Printf
                0x00000000000024ca       0x7e utilities/fsl_debug_console.o
                0x00000000000024ca                DbgConsole_Printf
 .text.DbgConsole_RelocateLog
                0x0000000000002548       0x92 utilities/fsl_debug_console.o
 .text.LPUART_EnableTx
                0x00000000000025da       0x46 utilities/fsl_io.o
 .text.LPUART_EnableRx
                0x0000000000002620       0x46 utilities/fsl_io.o
 .text.IO_Init  0x0000000000002666       0xc8 utilities/fsl_io.o
                0x0000000000002666                IO_Init
 .text.IO_Transfer
                0x000000000000272e       0x7e utilities/fsl_io.o
                0x000000000000272e                IO_Transfer
 .text.LOG_Init
                0x00000000000027ac       0x48 utilities/fsl_log.o
                0x00000000000027ac                LOG_Init
 .text.LOG_Push
                0x00000000000027f4       0x46 utilities/fsl_log.o
                0x00000000000027f4                LOG_Push
 .text.LOG_Pop  0x000000000000283a       0x4e utilities/fsl_log.o
                0x000000000000283a                LOG_Pop
 .text.ConvertRadixNumToString
                0x0000000000002888      0x1b6 utilities/fsl_str.o
 .text.StrFormatPrintf
                0x0000000000002a3e      0x4d6 utilities/fsl_str.o
                0x0000000000002a3e                StrFormatPrintf
 *(.rodata)
 .rodata        0x0000000000002f14       0x77 board/board.o
 *fill*         0x0000000000002f8b        0x1 
 .rodata        0x0000000000002f8c       0x43 board/clock_config.o
 *fill*         0x0000000000002fcf        0x1 
 .rodata        0x0000000000002fd0       0x6f board/pin_mux.o
 *fill*         0x000000000000303f        0x1 
 .rodata        0x0000000000003040      0x10c drivers/fsl_clock.o
 .rodata        0x000000000000314c       0x3e drivers/fsl_common.o
 *fill*         0x000000000000318a        0x2 
 .rodata        0x000000000000318c       0x67 drivers/fsl_gpio.o
 *fill*         0x00000000000031f3        0x1 
 .rodata        0x00000000000031f4      0x1ca drivers/fsl_lpuart.o
 *fill*         0x00000000000033be        0x2 
 .rodata        0x00000000000033c0       0x71 utilities/fsl_debug_console.o
 *fill*         0x0000000000003431        0x3 
 .rodata        0x0000000000003434       0x46 utilities/fsl_io.o
 *fill*         0x000000000000347a        0x2 
 .rodata        0x000000000000347c       0x53 utilities/fsl_log.o
 *(.rodata*)
 *fill*         0x00000000000034cf        0x1 
 .rodata.__func__.3391
                0x00000000000034d0        0xf board/board.o
 *fill*         0x00000000000034df        0x1 
 .rodata.g_scgSircConfig_BOARD_BootClockRUN
                0x00000000000034e0       0x14 board/clock_config.o
                0x00000000000034e0                g_scgSircConfig_BOARD_BootClockRUN
 .rodata.g_scgFircConfig_BOARD_BootClockRUN
                0x00000000000034f4       0x18 board/clock_config.o
                0x00000000000034f4                g_scgFircConfig_BOARD_BootClockRUN
 .rodata.g_scgLpFllConfig_BOARD_BootClockRUN
                0x000000000000350c       0x18 board/clock_config.o
                0x000000000000350c                g_scgLpFllConfig_BOARD_BootClockRUN
 .rodata.__func__.3440
                0x0000000000003524       0x1d board/clock_config.o
 *fill*         0x0000000000003541        0x3 
 .rodata.__func__.3448
                0x0000000000003544       0x19 board/clock_config.o
 *fill*         0x000000000000355d        0x3 
 .rodata.__func__.3377
                0x0000000000003560       0x12 board/pin_mux.o
 *fill*         0x0000000000003572        0x2 
 .rodata.CLOCK_GetFreq
                0x0000000000003574       0x64 drivers/fsl_clock.o
 .rodata.CLOCK_GetSysClkFreq
                0x00000000000035d8       0x18 drivers/fsl_clock.o
 .rodata.__func__.3589
                0x00000000000035f0       0x17 drivers/fsl_clock.o
 *fill*         0x0000000000003607        0x1 
 .rodata.__func__.3640
                0x0000000000003608       0x10 drivers/fsl_clock.o
 .rodata.__func__.3464
                0x0000000000003618       0x19 drivers/fsl_clock.o
 *fill*         0x0000000000003631        0x3 
 .rodata.__func__.3686
                0x0000000000003634       0x14 drivers/fsl_clock.o
 .rodata.__func__.3700
                0x0000000000003648        0xf drivers/fsl_clock.o
 *fill*         0x0000000000003657        0x1 
 .rodata.__func__.3726
                0x0000000000003658        0xf drivers/fsl_clock.o
 *fill*         0x0000000000003667        0x1 
 .rodata.fircFreq.3738
                0x0000000000003668       0x10 drivers/fsl_clock.o
 .rodata.__func__.3752
                0x0000000000003678       0x14 drivers/fsl_clock.o
 .rodata.__func__.3756
                0x000000000000368c       0x10 drivers/fsl_clock.o
 .rodata.lpfllFreq.3771
                0x000000000000369c       0x10 drivers/fsl_clock.o
 .rodata.__func__.3639
                0x00000000000036ac        0xd drivers/fsl_gpio.o
 *fill*         0x00000000000036b9        0x3 
 .rodata.s_lpuartBases
                0x00000000000036bc       0x10 drivers/fsl_lpuart.o
 .rodata.s_lpuartClock
                0x00000000000036cc       0x10 drivers/fsl_lpuart.o
 .rodata.__func__.3853
                0x00000000000036dc       0x13 drivers/fsl_lpuart.o
 *fill*         0x00000000000036ef        0x1 
 .rodata.__func__.3893
                0x00000000000036f0        0xc drivers/fsl_lpuart.o
 .rodata.__func__.3377
                0x00000000000036fc       0x12 drivers/fsl_lpuart.o
 *fill*         0x000000000000370e        0x2 
 .rodata.__func__.3920
                0x0000000000003710       0x18 drivers/fsl_lpuart.o
 .rodata.__func__.3966
                0x0000000000003728       0x15 drivers/fsl_lpuart.o
 *fill*         0x000000000000373d        0x3 
 .rodata.__func__.3978
                0x0000000000003740       0x14 drivers/fsl_lpuart.o
 .rodata.__func__.4270
                0x0000000000003754       0x10 utilities/fsl_debug_console.o
 .rodata.__func__.3644
                0x0000000000003764        0x9 utilities/fsl_log.o
 *(.srodata .srodata.*)
 *(.glue_7)
 *(.glue_7t)
 *(.eh_frame)
 *(.init)
 *(.fini)

.rela.dyn       0x0000000000003770        0x0
 .rela.text.CLOCK_SetIpSrc
                0x0000000000003770        0x0 board/board.o
 .rela.text.BOARD_InitDebugConsole
                0x0000000000003770        0x0 board/board.o
 .rela.text.CLOCK_SetVlprModeSysClkConfig
                0x0000000000003770        0x0 board/board.o
 .rela.text.CLOCK_SetRunModeSysClkConfig
                0x0000000000003770        0x0 board/board.o
 .rela.text.CLOCK_SetHsrunModeSysClkConfig
                0x0000000000003770        0x0 board/board.o
 .rela.text.CLOCK_GetCurSysClkConfig
                0x0000000000003770        0x0 board/board.o
 .rela.text.CLOCK_CONFIG_FircSafeConfig
                0x0000000000003770        0x0 board/board.o
 .rela.text.BOARD_BootClockRUN
                0x0000000000003770        0x0 board/board.o
 .rela.text.BOARD_BootClockHSRUN
                0x0000000000003770        0x0 board/board.o
 .rela.text.BOARD_BootClockVLPR
                0x0000000000003770        0x0 board/board.o
 .rela.text.CLOCK_EnableClock
                0x0000000000003770        0x0 board/board.o
 .rela.text.CLOCK_GetOsc32kClkFreq
                0x0000000000003770        0x0 board/board.o
 .rela.text.CLOCK_GetIpFreq
                0x0000000000003770        0x0 board/board.o
 .rela.text.CLOCK_InitSysOsc
                0x0000000000003770        0x0 board/board.o
 .rela.text.CLOCK_GetSysOscFreq
                0x0000000000003770        0x0 board/board.o
 .rela.text.CLOCK_InitSirc
                0x0000000000003770        0x0 board/board.o
 .rela.text.CLOCK_InitFirc
                0x0000000000003770        0x0 board/board.o
 .rela.text.CLOCK_GetRtcOscFreq
                0x0000000000003770        0x0 board/board.o
 .rela.text.CLOCK_InitLpFll
                0x0000000000003770        0x0 board/board.o
 .rela.text.__assert_func
                0x0000000000003770        0x0 board/board.o
 .rela.text.LPUART_TransferCreateHandle
                0x0000000000003770        0x0 board/board.o
 .rela.vectors  0x0000000000003770        0x0 board/board.o
 .rela.text.DMA0_0_4_8_12_IRQHandler
                0x0000000000003770        0x0 board/board.o
 .rela.text.DMA0_1_5_9_13_IRQHandler
                0x0000000000003770        0x0 board/board.o
 .rela.text.DMA0_2_6_10_14_IRQHandler
                0x0000000000003770        0x0 board/board.o
 .rela.text.DMA0_3_7_11_15_IRQHandler
                0x0000000000003770        0x0 board/board.o
 .rela.text.FLEXIO0_IRQHandler
                0x0000000000003770        0x0 board/board.o
 .rela.text.LPI2C0_IRQHandler
                0x0000000000003770        0x0 board/board.o
 .rela.text.LPI2C1_IRQHandler
                0x0000000000003770        0x0 board/board.o
 .rela.text.LPI2C2_IRQHandler
                0x0000000000003770        0x0 board/board.o
 .rela.text.I2S0_IRQHandler
                0x0000000000003770        0x0 board/board.o
 .rela.text.USDHC0_IRQHandler
                0x0000000000003770        0x0 board/board.o
 .rela.text.LPSPI0_IRQHandler
                0x0000000000003770        0x0 board/board.o
 .rela.text.LPSPI1_IRQHandler
                0x0000000000003770        0x0 board/board.o
 .rela.text.LPSPI2_IRQHandler
                0x0000000000003770        0x0 board/board.o
 .rela.text.LPI2C3_IRQHandler
                0x0000000000003770        0x0 board/board.o
 .rela.text.LPSPI3_IRQHandler
                0x0000000000003770        0x0 board/board.o
 .rela.text.INTMUX0_0_IRQHandler
                0x0000000000003770        0x0 board/board.o
 .rela.text.INTMUX0_1_IRQHandler
                0x0000000000003770        0x0 board/board.o
 .rela.text.INTMUX0_2_IRQHandler
                0x0000000000003770        0x0 board/board.o
 .rela.text.INTMUX0_3_IRQHandler
                0x0000000000003770        0x0 board/board.o
 .rela.text.INTMUX0_4_IRQHandler
                0x0000000000003770        0x0 board/board.o
 .rela.text.INTMUX0_5_IRQHandler
                0x0000000000003770        0x0 board/board.o
 .rela.text.INTMUX0_6_IRQHandler
                0x0000000000003770        0x0 board/board.o
 .rela.text.INTMUX0_7_IRQHandler
                0x0000000000003770        0x0 board/board.o
 .relauser_vectors
                0x0000000000003770        0x0 board/board.o
 .rela.text.SystemInit
                0x0000000000003770        0x0 board/board.o
 .rela.text.DbgConsole_Init
                0x0000000000003770        0x0 board/board.o
 .rela.text.DbgConsole_Deinit
                0x0000000000003770        0x0 board/board.o
 .rela.text.DbgConsole_Flush
                0x0000000000003770        0x0 board/board.o
 .rela.text.DbgConsole_Printf
                0x0000000000003770        0x0 board/board.o
 .rela.text.DbgConsole_Putchar
                0x0000000000003770        0x0 board/board.o
 .rela.text.DbgConsole_Scanf
                0x0000000000003770        0x0 board/board.o
 .rela.text.DbgConsole_Getchar
                0x0000000000003770        0x0 board/board.o
 .rela.text.DbgConsole_RelocateLog
                0x0000000000003770        0x0 board/board.o
 .rela.text._write
                0x0000000000003770        0x0 board/board.o
 .rela.text._read
                0x0000000000003770        0x0 board/board.o
 .rela.text.read
                0x0000000000003770        0x0 board/board.o
 .rela.text.write
                0x0000000000003770        0x0 board/board.o
 .rela.text.StrFormatPrintf
                0x0000000000003770        0x0 board/board.o
 .rela.text     0x0000000000003770        0x0 board/board.o

.preinit_array  0x000000000000376d        0x0
                0x000000000000376d                PROVIDE (__preinit_array_start, .)
 *(.preinit_array*)
                0x000000000000376d                PROVIDE (__preinit_array_end, .)

.init_array     0x000000000000376d        0x0
                0x000000000000376d                PROVIDE (__init_array_start, .)
 *(SORT(.init_array.*))
 *(.init_array*)
                0x000000000000376d                PROVIDE (__init_array_end, .)

.fini_array     0x000000000000376d        0x0
                [!provide]                        PROVIDE (__fini_array_start, .)
 *(SORT(.fini_array.*))
 *(.fini_array*)
                [!provide]                        PROVIDE (__fini_array_end, .)
                0x000000000000376d                __etext = .
                0x000000000000376d                __global_pointer = .
                0x000000000000376d                __DATA_ROM = .

.data           0x0000000020000000       0x1c load address 0x000000000000376d
                0x0000000020000000                . = ALIGN (0x4)
                0x0000000020000000                __DATA_RAM = .
                0x0000000020000000                __data_start__ = .
 *(.data)
 *(.data*)
 *(.sdata .sdata.*)
 .sdata.g_sysClkConfig_BOARD_BootClockRUN
                0x0000000020000000        0x4 board/clock_config.o
                0x0000000020000000                g_sysClkConfig_BOARD_BootClockRUN
 .sdata.sircFreq.3712
                0x0000000020000004        0x8 drivers/fsl_clock.o
 .sdata.syncPayload
                0x000000002000000c        0x4 source/lin_helper.o
                0x000000002000000c                syncPayload
 .sdata.SystemCoreClock
                0x0000000020000010        0x4 startup/system_RV32M1_ri5cy.o
                0x0000000020000010                SystemCoreClock
 .sdata.__func__.3845
                0x0000000020000014        0x8 utilities/fsl_io.o
 *(.heapsram*)
                0x000000002000001c                __noncachedata_start__ = .
 *(NonCacheable)
                0x000000002000001c                __noncachedata_end__ = .
 *(.jcr*)
                0x000000002000001c                . = ALIGN (0x4)
                0x000000002000001c                __data_end__ = .
                0x0000000000003789                __DATA_END = (__DATA_ROM + (__data_end__ - __data_start__))
                0x00000000000fff00                text_end = (ORIGIN (m_text) + LENGTH (m_text))
                0x0000000000000001                ASSERT ((__DATA_END <= text_end), region m_text overflowed with text and data)
                0x000000002000001c                _edata = .

.bss            0x000000002000001c       0x28 load address 0x000000000000378c
                0x000000002000001c                . = ALIGN (0x4)
                0x000000002000001c                __START_BSS = .
                0x000000002000001c                __bss_start__ = .
 *(.bss)
 *(.bss*)
 .bss.s_lpuartHandle
                0x000000002000001c       0x10 drivers/fsl_lpuart.o
 *(.sbss)
 *(.sbss*)
 .sbss.g_xtal0Freq
                0x000000002000002c        0x4 drivers/fsl_clock.o
                0x000000002000002c                g_xtal0Freq
 .sbss.g_xtal32Freq
                0x0000000020000030        0x4 drivers/fsl_clock.o
                0x0000000020000030                g_xtal32Freq
 .sbss.s_lpuartIsr
                0x0000000020000034        0x4 drivers/fsl_lpuart.o
 .sbss.irqNesting
                0x0000000020000038        0x4 startup/system_RV32M1_ri5cy.o
 .sbss.s_debugConsoleIO
                0x000000002000003c        0x8 utilities/fsl_io.o
 *(COMMON)
                0x0000000020000044                . = ALIGN (0x4)
                0x0000000020000044                __bss_end__ = .
                0x0000000020000044                __END_BSS = .
                0x0000000020000044                _end = .
                [!provide]                        PROVIDE (end, .)

.heap           0x0000000020000044      0x404 load address 0x00000000000037b4
                0x0000000020000048                . = ALIGN (0x8)
 *fill*         0x0000000020000044        0x4 
                0x0000000020000048                __heap_start = .
                0x0000000020000448                . = (. + HEAP_SIZE)
 *fill*         0x0000000020000048      0x400 
                0x0000000020000448                __heap_end = .
                0x0000000020000448                _heap_end = __heap_end

.stack          0x0000000020000448      0x800 load address 0x0000000000003bb8
                0x0000000020000448                . = ALIGN (0x8)
                0x0000000020000448                __StackLimit = .
                0x0000000020000c48                . = (. + STACK_SIZE)
 *fill*         0x0000000020000448      0x800 
                0x0000000020000c48                __StackTop = .

m_usb_bdt       0x0000000048010000        0x0
                0x0000000048010000                . = ALIGN (0x200)
 *(m_usb_bdt)

m_usb_global
 *(m_usb_global)
                [!provide]                        PROVIDE (__stack, __StackTop)
OUTPUT(lpuart_polling_ri5cy_rv32m1_vega.elf elf32-littleriscv)

.debug_frame    0x0000000000000000     0x294c
 .debug_frame   0x0000000000000000       0x88 board/board.o
 .debug_frame   0x0000000000000088      0x294 board/clock_config.o
 .debug_frame   0x000000000000031c       0xf8 board/pin_mux.o
 .debug_frame   0x0000000000000414      0x714 drivers/fsl_clock.o
 .debug_frame   0x0000000000000b28       0x38 drivers/fsl_common.o
 .debug_frame   0x0000000000000b60      0x134 drivers/fsl_gpio.o
 .debug_frame   0x0000000000000c94      0x80c drivers/fsl_lpuart.o
 .debug_frame   0x00000000000014a0      0x2c0 source/lin_helper.o
 .debug_frame   0x0000000000001760       0x38 source/lpuart_polling.o
 .debug_frame   0x0000000000001798      0x9b8 startup/system_RV32M1_ri5cy.o
 .debug_frame   0x0000000000002150      0x3b4 utilities/fsl_debug_console.o
 .debug_frame   0x0000000000002504      0x168 utilities/fsl_io.o
 .debug_frame   0x000000000000266c      0x1f0 utilities/fsl_log.o
 .debug_frame   0x000000000000285c       0xf0 utilities/fsl_str.o

.debug_info     0x0000000000000000    0x10c92
 .debug_info    0x0000000000000000     0x1252 board/board.o
 .debug_info    0x0000000000001252     0x1843 board/clock_config.o
 .debug_info    0x0000000000002a95      0xd0f board/pin_mux.o
 .debug_info    0x00000000000037a4     0x21ac drivers/fsl_clock.o
 .debug_info    0x0000000000005950      0x904 drivers/fsl_common.o
 .debug_info    0x0000000000006254      0xde5 drivers/fsl_gpio.o
 .debug_info    0x0000000000007039     0x22ca drivers/fsl_lpuart.o
 .debug_info    0x0000000000009303     0x17f2 source/lin_helper.o
 .debug_info    0x000000000000aaf5     0x1058 source/lpuart_polling.o
 .debug_info    0x000000000000bb4d       0xd4 startup/startup_RV32M1_ri5cy.o
 .debug_info    0x000000000000bc21     0x188f startup/system_RV32M1_ri5cy.o
 .debug_info    0x000000000000d4b0      0xf5d utilities/fsl_debug_console.o
 .debug_info    0x000000000000e40d      0xfee utilities/fsl_io.o
 .debug_info    0x000000000000f3fb      0xb76 utilities/fsl_log.o
 .debug_info    0x000000000000ff71      0xd21 utilities/fsl_str.o

.debug_abbrev   0x0000000000000000     0x2613
 .debug_abbrev  0x0000000000000000      0x269 board/board.o
 .debug_abbrev  0x0000000000000269      0x350 board/clock_config.o
 .debug_abbrev  0x00000000000005b9      0x250 board/pin_mux.o
 .debug_abbrev  0x0000000000000809      0x34d drivers/fsl_clock.o
 .debug_abbrev  0x0000000000000b56      0x1b9 drivers/fsl_common.o
 .debug_abbrev  0x0000000000000d0f      0x261 drivers/fsl_gpio.o
 .debug_abbrev  0x0000000000000f70      0x363 drivers/fsl_lpuart.o
 .debug_abbrev  0x00000000000012d3      0x2d7 source/lin_helper.o
 .debug_abbrev  0x00000000000015aa      0x225 source/lpuart_polling.o
 .debug_abbrev  0x00000000000017cf       0x12 startup/startup_RV32M1_ri5cy.o
 .debug_abbrev  0x00000000000017e1      0x39e startup/system_RV32M1_ri5cy.o
 .debug_abbrev  0x0000000000001b7f      0x2c7 utilities/fsl_debug_console.o
 .debug_abbrev  0x0000000000001e46      0x2b2 utilities/fsl_io.o
 .debug_abbrev  0x00000000000020f8      0x294 utilities/fsl_log.o
 .debug_abbrev  0x000000000000238c      0x287 utilities/fsl_str.o

.debug_aranges  0x0000000000000000      0x710
 .debug_aranges
                0x0000000000000000       0x28 board/board.o
 .debug_aranges
                0x0000000000000028       0x70 board/clock_config.o
 .debug_aranges
                0x0000000000000098       0x38 board/pin_mux.o
 .debug_aranges
                0x00000000000000d0      0x110 drivers/fsl_clock.o
 .debug_aranges
                0x00000000000001e0       0x20 drivers/fsl_common.o
 .debug_aranges
                0x0000000000000200       0x40 drivers/fsl_gpio.o
 .debug_aranges
                0x0000000000000240      0x130 drivers/fsl_lpuart.o
 .debug_aranges
                0x0000000000000370       0x78 source/lin_helper.o
 .debug_aranges
                0x00000000000003e8       0x20 source/lpuart_polling.o
 .debug_aranges
                0x0000000000000408       0x28 startup/startup_RV32M1_ri5cy.o
 .debug_aranges
                0x0000000000000430      0x170 startup/system_RV32M1_ri5cy.o
 .debug_aranges
                0x00000000000005a0       0x98 utilities/fsl_debug_console.o
 .debug_aranges
                0x0000000000000638       0x48 utilities/fsl_io.o
 .debug_aranges
                0x0000000000000680       0x58 utilities/fsl_log.o
 .debug_aranges
                0x00000000000006d8       0x38 utilities/fsl_str.o

.debug_ranges   0x0000000000000000      0x628
 .debug_ranges  0x0000000000000000       0x18 board/board.o
 .debug_ranges  0x0000000000000018       0x60 board/clock_config.o
 .debug_ranges  0x0000000000000078       0x28 board/pin_mux.o
 .debug_ranges  0x00000000000000a0      0x100 drivers/fsl_clock.o
 .debug_ranges  0x00000000000001a0       0x10 drivers/fsl_common.o
 .debug_ranges  0x00000000000001b0       0x30 drivers/fsl_gpio.o
 .debug_ranges  0x00000000000001e0      0x120 drivers/fsl_lpuart.o
 .debug_ranges  0x0000000000000300       0x68 source/lin_helper.o
 .debug_ranges  0x0000000000000368       0x10 source/lpuart_polling.o
 .debug_ranges  0x0000000000000378       0x20 startup/startup_RV32M1_ri5cy.o
 .debug_ranges  0x0000000000000398      0x160 startup/system_RV32M1_ri5cy.o
 .debug_ranges  0x00000000000004f8       0x88 utilities/fsl_debug_console.o
 .debug_ranges  0x0000000000000580       0x38 utilities/fsl_io.o
 .debug_ranges  0x00000000000005b8       0x48 utilities/fsl_log.o
 .debug_ranges  0x0000000000000600       0x28 utilities/fsl_str.o

.debug_line     0x0000000000000000     0x569c
 .debug_line    0x0000000000000000      0x22c board/board.o
 .debug_line    0x000000000000022c      0x455 board/clock_config.o
 .debug_line    0x0000000000000681      0x252 board/pin_mux.o
 .debug_line    0x00000000000008d3      0xc8a drivers/fsl_clock.o
 .debug_line    0x000000000000155d      0x200 drivers/fsl_common.o
 .debug_line    0x000000000000175d      0x2de drivers/fsl_gpio.o
 .debug_line    0x0000000000001a3b     0x1283 drivers/fsl_lpuart.o
 .debug_line    0x0000000000002cbe      0x48f source/lin_helper.o
 .debug_line    0x000000000000314d      0x1fe source/lpuart_polling.o
 .debug_line    0x000000000000334b      0x341 startup/startup_RV32M1_ri5cy.o
 .debug_line    0x000000000000368c      0x830 startup/system_RV32M1_ri5cy.o
 .debug_line    0x0000000000003ebc      0x59f utilities/fsl_debug_console.o
 .debug_line    0x000000000000445b      0x3a4 utilities/fsl_io.o
 .debug_line    0x00000000000047ff      0x3c8 utilities/fsl_log.o
 .debug_line    0x0000000000004bc7      0xad5 utilities/fsl_str.o

.debug_str      0x0000000000000000     0x4ab8
 .debug_str     0x0000000000000000     0x1283 board/board.o
                                       0x1322 (size before relaxing)
 .debug_str     0x0000000000001283      0xbd3 board/clock_config.o
                                       0x1ad4 (size before relaxing)
 .debug_str     0x0000000000001e56      0x195 board/pin_mux.o
                                        0xb05 (size before relaxing)
 .debug_str     0x0000000000001feb      0x932 drivers/fsl_clock.o
                                       0x206a (size before relaxing)
 .debug_str     0x000000000000291d       0x5a drivers/fsl_common.o
                                        0x655 (size before relaxing)
 .debug_str     0x0000000000002977      0x18e drivers/fsl_gpio.o
                                        0xccb (size before relaxing)
 .debug_str     0x0000000000002b05     0x1399 drivers/fsl_lpuart.o
                                       0x2344 (size before relaxing)
 .debug_str     0x0000000000003e9e      0x141 source/lin_helper.o
                                       0x1c4f (size before relaxing)
 .debug_str     0x0000000000003fdf       0x1c source/lpuart_polling.o
                                       0x13b5 (size before relaxing)
 .debug_str     0x0000000000003ffb      0x491 startup/system_RV32M1_ri5cy.o
                                       0x18c0 (size before relaxing)
 .debug_str     0x000000000000448c      0x28a utilities/fsl_debug_console.o
                                        0x9ab (size before relaxing)
 .debug_str     0x0000000000004716       0xb7 utilities/fsl_io.o
                                       0x12d6 (size before relaxing)
 .debug_str     0x00000000000047cd       0xa9 utilities/fsl_log.o
                                        0x7aa (size before relaxing)
 .debug_str     0x0000000000004876      0x242 utilities/fsl_str.o
                                        0x89f (size before relaxing)

.comment        0x0000000000000000       0x1a
 .comment       0x0000000000000000       0x1a board/board.o
                                         0x1b (size before relaxing)
 .comment       0x000000000000001a       0x1b board/clock_config.o
 .comment       0x000000000000001a       0x1b board/pin_mux.o
 .comment       0x000000000000001a       0x1b drivers/fsl_clock.o
 .comment       0x000000000000001a       0x1b drivers/fsl_common.o
 .comment       0x000000000000001a       0x1b drivers/fsl_gpio.o
 .comment       0x000000000000001a       0x1b drivers/fsl_lpuart.o
 .comment       0x000000000000001a       0x1b source/lin_helper.o
 .comment       0x000000000000001a       0x1b source/lpuart_polling.o
 .comment       0x000000000000001a       0x1b startup/system_RV32M1_ri5cy.o
 .comment       0x000000000000001a       0x1b utilities/fsl_debug_console.o
 .comment       0x000000000000001a       0x1b utilities/fsl_io.o
 .comment       0x000000000000001a       0x1b utilities/fsl_log.o
 .comment       0x000000000000001a       0x1b utilities/fsl_str.o
 .comment       0x000000000000001a       0x1b /home/armin/RISCV/riscv32-unknown-elf-gcc/bin/../lib/gcc/riscv32-unknown-elf/7.1.1/../../../../riscv32-unknown-elf/lib/rv32imcxpulpv2/ilp32/libc.a(lib_a-init.o)
 .comment       0x000000000000001a       0x1b /home/armin/RISCV/riscv32-unknown-elf-gcc/bin/../lib/gcc/riscv32-unknown-elf/7.1.1/../../../../riscv32-unknown-elf/lib/rv32imcxpulpv2/ilp32/libc.a(lib_a-strlen.o)

.Pulp_Chip.Info
                0x0000000000000000       0x4e
 .Pulp_Chip.Info
                0x0000000000000000       0x4e board/board.o
 .Pulp_Chip.Info
                0x000000000000004e        0x0 board/clock_config.o
 .Pulp_Chip.Info
                0x000000000000004e        0x0 board/pin_mux.o
 .Pulp_Chip.Info
                0x000000000000004e        0x0 drivers/fsl_clock.o
 .Pulp_Chip.Info
                0x000000000000004e        0x0 drivers/fsl_common.o
 .Pulp_Chip.Info
                0x000000000000004e        0x0 drivers/fsl_gpio.o
 .Pulp_Chip.Info
                0x000000000000004e        0x0 drivers/fsl_lpuart.o
 .Pulp_Chip.Info
                0x000000000000004e        0x0 source/lin_helper.o
 .Pulp_Chip.Info
                0x000000000000004e        0x0 source/lpuart_polling.o
 .Pulp_Chip.Info
                0x000000000000004e        0x0 startup/startup_RV32M1_ri5cy.o
 .Pulp_Chip.Info
                0x000000000000004e        0x0 startup/system_RV32M1_ri5cy.o
 .Pulp_Chip.Info
                0x000000000000004e        0x0 utilities/fsl_debug_console.o
 .Pulp_Chip.Info
                0x000000000000004e        0x0 utilities/fsl_io.o
 .Pulp_Chip.Info
                0x000000000000004e        0x0 utilities/fsl_log.o
 .Pulp_Chip.Info
                0x000000000000004e        0x0 utilities/fsl_str.o
 .Pulp_Chip.Info
                0x000000000000004e        0x0 /home/armin/RISCV/riscv32-unknown-elf-gcc/bin/../lib/gcc/riscv32-unknown-elf/7.1.1/../../../../riscv32-unknown-elf/lib/rv32imcxpulpv2/ilp32/libc.a(lib_a-init.o)
 .Pulp_Chip.Info
                0x000000000000004e        0x0 /home/armin/RISCV/riscv32-unknown-elf-gcc/bin/../lib/gcc/riscv32-unknown-elf/7.1.1/../../../../riscv32-unknown-elf/lib/rv32imcxpulpv2/ilp32/libc.a(lib_a-memset.o)
 .Pulp_Chip.Info
                0x000000000000004e        0x0 /home/armin/RISCV/riscv32-unknown-elf-gcc/bin/../lib/gcc/riscv32-unknown-elf/7.1.1/../../../../riscv32-unknown-elf/lib/rv32imcxpulpv2/ilp32/libc.a(lib_a-strlen.o)
